core_cm4.h:1816:22:__NVIC_SetPriority	16	static
core_cm4.h:2022:26:SysTick_Config	16	static
main.c:83:6:LED_On	16	static
main.c:87:6:LED_Off	16	static
main.c:91:6:LED_AllOff	16	static
main.c:97:6:LED_Toggle	16	static
main.c:101:6:isButtonDown	24	static
main.c:110:6:Button_Ignore	16	static
main.c:114:6:Button_Clear	16	static
main.c:120:6:Button_Eval	16	static
main.c:124:6:Print_State	40	static
main.c:164:5:main	32	static
main.c:353:6:SystemClock_Config	112	static
main.c:405:13:MX_ADC1_Init	24	static
main.c:455:13:MX_I2C1_Init	8	static
main.c:489:13:MX_RTC_Init	8	static
main.c:523:13:MX_SDIO_SD_Init	4	static
main.c:551:13:MX_GPIO_Init	48	static
main.c:600:6:ADC_MuxSelect	24	static
main.c:612:6:ADC_ReadKnobs	96	static
main.c:650:6:Error_Handler	4	static,ignoring_inline_asm
