core_cm4.h:1816:22:__NVIC_SetPriority	16	static
core_cm4.h:2022:26:SysTick_Config	16	static
main.c:77:6:UpdateKnobs	16	static
main.c:99:5:main	16	static
main.c:198:6:SystemClock_Config	112	static
main.c:250:13:MX_ADC1_Init	24	static
main.c:300:13:MX_I2C1_Init	8	static
main.c:334:13:MX_RTC_Init	8	static
main.c:368:13:MX_SDIO_SD_Init	4	static
main.c:396:13:MX_GPIO_Init	48	static
main.c:445:6:ADC_MuxSelect	24	static
main.c:457:6:ADC_ReadKnobs	96	static
main.c:496:6:Error_Handler	4	static,ignoring_inline_asm
